[0;32mI (186) esp_image: segment 5: ï¿½ets Jul 29 2019 12:21:46

rst:0x1 (POWERON_RESET),boot:0x13 (SPI_FAST_FLASH_BOOT)
configsip: 0, SPIWP:0xee
clk_drv:0x00,q_drv:0x00,d_drv:0x00,cs0_drv:0x00,hd_drv:0x00,wp_drv:0x00
mode:DIO, clock div:2
load:0x3fff0030,len:7176
load:0x40078000,len:15564
ho 0 tail 12 room 4
load:0x40080400,len:4
load:0x40080404,len:3904
entry 0x40080640
[0;32mI (31) boot: ESP-IDF v5.3.1 2nd stage bootloader[0m
[0;32mI (31) boot: compile time Dec  4 2024 19:05:47[0m
[0;32mI (31) boot: Multicore bootloader[0m
[0;32mI (35) boot: chip revision: v3.1[0m
[0;32mI (39) boot.esp32: SPI Speed      : 40MHz[0m
[0;32mI (44) boot.esp32: SPI Mode       : DIO[0m
[0;32mI (48) boot.esp32: SPI Flash Size : 4MB[0m
[0;32mI (53) boot: Enabling RNG early entropy source...[0m
[0;32mI (58) boot: Partition Table:[0m
[0;32mI (62) boot: ## Label            Usage          Type ST Offset   Length[0m
[0;32mI (69) boot:  0 nvs              WiFi data        01 02 00009000 00006000[0m
[0;32mI (77) boot:  1 phy_init         RF data          01 01 0000f000 00001000[0m
[0;32mI (84) boot:  2 factory          factory app      00 00 00010000 00100000[0m
[0;32mI (92) boot: End of partition table[0m
[0;32mI (96) esp_image: segment 0: paddr=00010020 vaddr=3f400020 size=0cbb8h ( 52152) map[0m
[0;32mI (122) esp_image: segment 1: paddr=0001cbe0 vaddr=3ff80000 size=00004h (     4) load[0m
[0;32mI (122) esp_image: segment 2: paddr=0001cbec vaddr=3ffb0000 size=023c4h (  9156) load[0m
[0;32mI (131) esp_image: segment 3: paddr=0001efb8 vaddr=40080000 size=01060h (  4192) load[0m
[0;32mI (138) esp_image: segment 4: paddr=00020020 vaddr=400d0020 size=1cef0h (118512) map[0m
[0;32mI (186) esp_image: segment 5: paddr=0003cf18 vaddr=40081060 size=0d3fch ( 54268) load[0m
[0;32mI (214) boot: Loaded app from partition at offset 0x10000[0m
[0;32mI (214) boot: Disabling RNG early entropy source...[0m
[0;32mI (226) cpu_start: Multicore app[0m
[0;32mI (235) cpu_start: Pro cpu start user code[0m
[0;32mI (235) cpu_start: cpu freq: 160000000 Hz[0m
[0;32mI (235) app_init: Application information:[0m
[0;32mI (238) app_init: Project name:     web-hearth-rate[0m
[0;32mI (243) app_init: App version:      4b19fef-dirty[0m
[0;32mI (249) app_init: Compile time:     Dec  4 2024 19:05:38[0m
[0;32mI (255) app_init: ELF file SHA256:  5159577a3...[0m
[0;32mI (260) app_init: ESP-IDF:          v5.3.1[0m
[0;32mI (265) efuse_init: Min chip rev:     v0.0[0m
[0;32mI (269) efuse_init: Max chip rev:     v3.99 [0m
[0;32mI (274) efuse_init: Chip rev:         v3.1[0m
[0;32mI (279) heap_init: Initializing. RAM available for dynamic allocation:[0m
[0;32mI (286) heap_init: At 3FFAE6E0 len 00001920 (6 KiB): DRAM[0m
[0;32mI (292) heap_init: At 3FFB31C8 len 0002CE38 (179 KiB): DRAM[0m
[0;32mI (299) heap_init: At 3FFE0440 len 00003AE0 (14 KiB): D/IRAM[0m
[0;32mI (305) heap_init: At 3FFE4350 len 0001BCB0 (111 KiB): D/IRAM[0m
[0;32mI (311) heap_init: At 4008E45C len 00011BA4 (70 KiB): IRAM[0m
[0;32mI (319) spi_flash: detected chip: generic[0m
[0;32mI (322) spi_flash: flash io: dio[0m
[0;33mW (326) i2c: This driver is an old driver, please migrate your application code to adapt `driver/i2c_master.h`[0m
[0;32mI (338) main_task: Started on CPU0[0m
[0;32mI (348) main_task: Calling app_main()[0m
[0;32mI (348) prot: u8g2_InitDisplay[0m
[0;32mI (348) u8g2_hal: sda_io_num 21[0m
[0;32mI (348) u8g2_hal: scl_io_num 22[0m
[0;32mI (348) u8g2_hal: clk_speed 50000[0m
[0;32mI (358) u8g2_hal: i2c_param_config 1[0m
[0;32mI (358) u8g2_hal: i2c_driver_install 1[0m
[0;32mI (678) prot: u8g2_SetPowerSave[0m
[0;32mI (678) prot: u8g2_ClearBuffer[0m
[0;32mI (918) prot: All done![0m

assert failed: timer_ll_set_clock_prescale /IDF/components/hal/esp32/include/hal/timer_ll.h:135 (divider >= 2 && divider <= 65536)


Backtrace: 0x40081986:0x3ffb5240 0x40086ba5:0x3ffb5260 0x4008ce71:0x3ffb5280 0x400eb312:0x3ffb53a0 0x400eb437:0x3ffb53d0 0x400eb6a5:0x3ffb5410 0x400d6729:0x3ffb5450 0x400d686d:0x3ffb5490 0x400ec444:0x3ffb54c0 0x4008764d:0x3ffb54f0




ELF file SHA256: 5159577a3

Rebooting...
ets Jul 29 2019 12:21:46

rst:0xc (SW_CPU_RESET),boot:0x13 (SPI_FAST_FLASH_BOOT)
configsip: 0, SPIWP:0xee
clk_drv:0x00,q_drv:0x00,d_drv:0x00,cs0_drv:0x00,hd_drv:0x00,wp_drv:0x00
mode:DIO, clock div:2
load:0x3fff0030,len:7176
load:0x40078000,len:15564
ho 0 tail 12 room 4
load:0x40080400,len:4
load:0x40080404,len:3904
entry 0x40080640
[0;32mI (31) boot: ESP-IDF v5.3.1 2nd stage bootloader[0m
[0;32mI (31) boot: compile time Dec  4 2024 19:05:47[0m
[0;32mI (31) boot: Multicore bootloader[0m
[0;32mI (35) boot: chip revision: v3.1[0m
[0;32mI (39) boot.esp32: SPI Speed      : 40MHz[0m
[0;32mI (44) boot.esp32: SPI Mode       : DIO[0m
[0;32mI (48) boot.esp32: SPI Flash Size : 4MB[0m
[0;32mI (53) boot: Enabling RNG early entropy source...[0m
[0;32mI (58) boot: Partition Table:[0m
[0;32mI (62) boot: ## Label            Usage          Type ST Offset   Length[0m
[0;32mI (69) boot:  0 nvs              WiFi data        01 02 00009000 00006000[0m
[0;32mI (77) boot:  1 phy_init         RF data          01 01 0000f000 00001000[0m
[0;32mI (84) boot:  2 factory          factory app      00 00 00010000 00100000[0m
[0;32mI (92) boot: End of partition table[0m
[0;32mI (96) esp_image: segment 0: paddr=00010020 vaddr=3f400020 size=0cbb8h ( 52152) map[0m
[0;32mI (122) esp_image: segment 1: paddr=0001cbe0 vaddr=3ff80000 size=00004h (     4) load[0m
[0;32mI (122) esp_image: segment 2: paddr=0001cbec vaddr=3ffb0000 size=023c4h (  9156) load[0m
[0;32mI (131) esp_image: segment 3: paddr=0001efb8 vaddr=40080000 size=01060h (  4192) load[0m
[0;32mI (138) esp_image: segment 4: paddr=00020020 vaddr=400d0020 size=1cef0h (118512) map[0m
[0;32mI (185) esp_image: segment 5: paddr=0003cf18 vaddr=40081060 size=0d3fch ( 54268) load[0m
[0;32mI (214) boot: Loaded app from partition at offset 0x10000[0m
[0;32mI (214) boot: Disabling RNG early entropy source...[0m
[0;32mI (226) cpu_start: Multicore app[0m
[0;32mI (234) cpu_start: Pro cpu start user code[0m
[0;32mI (235) cpu_start: cpu freq: 160000000 Hz[0m
[0;32mI (235) app_init: Application information:[0m
[0;32mI (237) app_init: Project name:     web-hearth-rate[0m
[0;32mI (243) app_init: App version:      4b19fef-dirty[0m
[0;32mI (248) app_init: Compile time:     Dec  4 2024 19:05:38[0m
[0;32mI (254) app_init: ELF file SHA256:  5159577a3...[0m
[0;32mI (260) app_init: ESP-IDF:          v5.3.1[0m
[0;32mI (264) efuse_init: Min chip rev:     v0.0[0m
[0;32mI (269) efuse_init: Max chip rev:     v3.99 [0m
[0;32mI (274) efuse_init: Chip rev:         v3.1[0m
[0;32mI (279) heap_init: Initializing. RAM available for dynamic allocation:[0m
[0;32mI (286) heap_init: At 3FFAE6E0 len 00001920 (6 KiB): DRAM[0m
[0;32mI (292) heap_init: At 3FFB31C8 len 0002CE38 (179 KiB): DRAM[0m
[0;32mI (299) heap_init: At 3FFE0440 len 00003AE0 (14 KiB): D/IRAM[0m
[0;32mI (305) heap_init: At 3FFE4350 len 0001BCB0 (111 KiB): D/IRAM[0m
[0;32mI (311) heap_init: At 4008E45C len 00011BA4 (70 KiB): IRAM[0m
[0;32mI (319) spi_flash: detected chip: generic[0m
[0;32mI (322) spi_flash: flash io: dio[0m
[0;33mW (326) i2c: This driver is an old driver, please migrate your application code to adapt `driver/i2c_master.h`[0m
[0;32mI (338) main_task: Started on CPU0[0m
[0;32mI (348) main_task: Calling app_main()[0m
[0;32mI (348) prot: u8g2_InitDisplay[0m
[0;32mI (348) u8g2_hal: sda_io_num 21[0m
[0;32mI (348) u8g2_hal: scl_io_num 22[0m
[0;32mI (348) u8g2_hal: clk_speed 50000[0m
[0;32mI (358) u8g2_hal: i2c_param_config 1[0m
[0;32mI (358) u8g2_hal: i2c_driver_install 1[0m
[0;32mI (678) prot: u8g2_SetPowerSave[0m
[0;32mI (678) prot: u8g2_ClearBuffer[0m
[0;32mI (918) prot: All done![0m

assert failed: timer_ll_set_clock_prescale /IDF/components/hal/esp32/include/hal/timer_ll.h:135 (divider >= 2 && divider <= 65536)


Backtrace: 0x40081986:0x3ffb5240 0x40086ba5:0x3ffb5260 0x4008ce71:0x3ffb5280 0x400eb312:0x3ffb53a0 0x400eb437:0x3ffb53d0 0x400eb6a5:0x3ffb5410 0x400d6729:0x3ffb5450 0x400d686d:0x3ffb5490 0x400ec444:0x3ffb54c0 0x4008764d:0x3ffb54f0




ELF file SHA256: 5159577a3

Rebooting...
ets Jul 29 2019 12:21:46

rst:0xc (SW_CPU_RESET),boot:0x13 (SPI_FAST_FLASH_BOOT)
configsip: 0, SPIWP:0xee
clk_drv:0x00,q_drv:0x00,d_drv:0x00,cs0_drv:0x00,hd_drv:0x00,wp_drv:0x00
mode:DIO, clock div:2
load:0x3fff0030,len:7176
load:0x40078000,len:15564
ho 0 tail 12 room 4
load:0x40080400,len:4
load:0x40080404,len:3904
entry 0x40080640
[0;32mI (31) boot: ESP-IDF v5.3.1 2nd stage bootloader[0m
[0;32mI (31) boot: compile time Dec  4 2024 19:05:47[0m
[0;32mI (31) boot: Multicore bootloader[0m
[0;32mI (35) boot: chip revision: v3.1[0m
[0;32mI (39) boot.esp32: SPI Speed      : 40MHz[0m
[0;32mI (44) boot.esp32: SPI Mode       : DIO[0m
[0;32mI (48) boot.esp32: SPI Flash Size : 4MB[0m
[0;32mI (53) boot: Enabling RNG early entropy source...[0m
[0;32mI (58) boot: Partition Table:[0m
[0;32mI (62) boot: ## Label            Usage          Type ST Offset   Length[0m
[0;32mI (69) boot:  0 nvs              WiFi data        01 02 00009000 00006000[0m
[0;32mI (77) boot:  1 phy_init         RF data          01 01 0000f000 00001000[0m
[0;32mI (84) boot:  2 factory          factory app      00 00 00010000 00100000[0m
[0;32mI (92) boot: End of partition table[0m
[0;32mI (96) esp_image: segment 0: paddr=00010020 vaddr=3f400020 size=0cbb8h ( 52152) map[0m
[0;32mI (122) esp_image: segment 1: paddr=0001cbe0 vaddr=3ff80000 size=00004h (     4) load[0m
[0;32mI (122) esp_image: segment 2: paddr=0001cbec vaddr=3ffb0000 size=023c4h (  9156) load[0m
[0;32mI (131) esp_image: segment 3: paddr=0001efb8 vaddr=40080000 size=01060h (  4192) load[0m
[0;32mI (138) esp_image: segment 4: paddr=00020020 vaddr=400d0020 size=1cef0h (118512) map[0m
[0;32mI (185) esp_image: segment 5: paddr=0003cf18 vaddr=40081060 size=0d3fch ( 54268) load[0m
[0;32mI (214) boot: Loaded app from partition at offset 0x10000[0m
[0;32mI (214) boot: Disabling RNG early entropy source...[0m
[0;32mI (226) cpu_start: Multicore app[0m
[0;32mI (234) cpu_start: Pro cpu start user code[0m
[0;32mI (235) cpu_start: cpu freq: 160000000 Hz[0m
[0;32mI (235) app_init: Application information:[0m
[0;32mI (237) app_init: Project name:     web-hearth-rate[0m
[0;32mI (243) app_init: App version:      4b19fef-dirty[0m
[0;32mI (248) app_init: Compile time:     Dec  4 2024 19:05:38[0m
[0;32mI (254) app_init: ELF file SHA256:  5159577a3...[0m
[0;32mI (260) app_init: ESP-IDF:          v5.3.1[0m
[0;32mI (264) efuse_init: Min chip rev:     v0.0[0m
[0;32mI (269) efuse_init: Max chip rev:     v3.99 [0m
[0;32mI (274) efuse_init: Chip rev:         v3.1[0m
[0;32mI (279) heap_init: Initializing. RAM available for dynamic allocation:[0m
[0;32mI (286) heap_init: At 3FFAE6E0 len 00001920 (6 KiB): DRAM[0m
[0;32mI (292) heap_init: At 3FFB31C8 len 0002CE38 (179 KiB): DRAM[0m
[0;32mI (299) heap_init: At 3FFE0440 len 00003AE0 (14 KiB): D/IRAM[0m
[0;32mI (305) heap_init: At 3FFE4350 len 0001BCB0 (111 KiB): D/IRAM[0m
[0;32mI (311) heap_init: At 4008E45C len 00011BA4 (70 KiB): IRAM[0m
[0;32mI (319) spi_flash: detected chip: generic[0m
[0;32mI (322) spi_flash: flash io: dio[0m
[0;33mW (326) i2c: This driver is an old driver, please migrate your application code to adapt `driver/i2c_master.h`[0m
[0;32mI (338) main_task: Started on CPU0[0m
[0;32mI (348) main_task: Calling app_main()[0m
[0;32mI (348) prot: u8g2_InitDisplay[0m
[0;32mI (348) u8g2_hal: sda_io_num 21[0m
[0;32mI (348) u8g2_hal: scl_io_num 22[0m
[0;32mI (348) u8g2_hal: clk_speed 50000[0m
[0;32mI (358) u8g2_hal: i2c_param_config 1[0m
[0;32mI (358) u8g2_hal: i2c_driver_install 1[0m
[0;32mI (678) prot: u8g2_SetPowerSave[0m
[0;32mI (678) prot: u8g2_ClearBuffer[0m
[0;32mI (918) prot: All done![0m

assert failed: timer_ll_set_clock_prescale /IDF/components/hal/esp32/include/hal/timer_ll.h:135 (divider >= 2 && divider <= 65536)


Backtrace: 0x40081986:0x3ffb5240 0x40086ba5:0x3ffb5260 0x4008ce71:0x3ffb5280 0x400eb312:0x3ffb53a0 0x400eb437:0x3ffb53d0 0x400eb6a5:0x3ffb5410 0x400d6729:0x3ffb5450 0x400d686d:0x3ffb5490 0x400ec444:0x3ffb54c0 0x4008764d:0x3ffb54f0




ELF file SHA256: 5159577a3

Rebooting...
ets Jul 29 2019 12:21:46

rst:0xc (SW_CPU_RESET),boot:0x13 (SPI_FAST_FLASH_BOOT)
configsip: 0, SPIWP:0xee
clk_drv:0x00,q_drv:0x00,d_drv:0x00,cs0_drv:0x00,hd_drv:0x00,wp_drv:0x00
mode:DIO, clock div:2
load:0x3fff0030,len:7176
load:0x40078000,len:15564
ho 0 tail 12 room 4
load:0x40080400,len:4
load:0x40080404,len:3904
entry 0x40080640
[0;32mI (31) boot: ESP-IDF v5.3.1 2nd stage bootloader[0m
[0;32mI (31) boot: compile time Dec  4 2024 19:05:47[0m
[0;32mI (31) boot: Multicore bootloader[0m
[0;32mI (35) boot: chip revision: v3.1[0m
[0;32mI (39) boot.esp32: SPI Speed      : 40MHz[0m
[0;32mI (44) boot.esp32: SPI Mode       : DIO[0m
[0;32mI (48) boot.esp32: SPI Flash Size : 4MB[0m
[0;32mI (53) boot: Enabling RNG early entropy source...[0m
[0;32mI (58) boot: Partition Table:[0m
[0;32mI (62) boot: ## Label            Usage          Type ST Offset   Length[0m
[0;32mI (69) boot:  0 nvs              WiFi data        01 02 00009000 00006000[0m
[0;32mI (77) boot:  1 phy_init         RF data          01 01 0000f000 00001000[0m
[0;32mI (84) boot:  2 factory          factory app      00 00 00010000 00100000[0m
[0;32mI (92) boot: End of partition table[0m
[0;32mI (96) esp_image: segment 0: paddr=00010020 vaddr=3f400020 size=0cbb8h ( 52152) map[0m
[0;32mI (122) esp_image: segment 1: paddr=0001cbe0 vaddr=3ff80000 size=00004h (     4) load[0m
[0;32mI (122) esp_image: segment 2: paddr=0001cbec vaddr=3ffb0000 size=023c4h (  9156) load[0m
[0;32mI (131) esp_image: segment 3: paddr=0001efb8 vaddr=40080000 size=01060h (  4192) load[0m
[0;32mI (138) esp_image: segment 4: paddr=00020020 vaddr=400d0020 size=1cef0h (118512) map[0m
[0;32mI (185) esp_image: segment 5: paddr=0003cf18 vaddr=40081060 size=0d3fch ( 54268) load[0m
[0;32mI (214) boot: Loaded app from partition at offset 0x10000[0m
[0;32mI (214) boot: Disabling RNG early entropy source...[0m
[0;32mI (226) cpu_start: Multicore app[0m
[0;32mI (234) cpu_start: Pro cpu start user code[0m
[0;32mI (235) cpu_start: cpu freq: 160000000 Hz[0m
[0;32mI (235) app_init: Application information:[0m
[0;32mI (237) app_init: Project name:     web-hearth-rate[0m
[0;32mI (243) app_init: App version:      4b19fef-dirty[0m
[0;32mI (248) app_init: Compile time:     Dec  4 2024 19:05:38[0m
[0;32mI (254) app_init: ELF file SHA256:  5159577a3...[0m
[0;32mI (260) app_init: ESP-IDF:          v5.3.1[0m
[0;32mI (264) efuse_init: Min chip rev:     v0.0[0m
[0;32mI (269) efuse_init: Max chip rev:     v3.99 [0m
[0;32mI (274) efuse_init: Chip rev:         v3.1[0m
[0;32mI (279) heap_init: Initializing. RAM available for dynamic allocation:[0m
[0;32mI (286) heap_init: At 3FFAE6E0 len 00001920 (6 KiB): DRAM[0m
[0;32mI (292) heap_init: At 3FFB31C8 len 0002CE38 (179 KiB): DRAM[0m
[0;32mI (299) heap_init: At 3FFE0440 len 00003AE0 (14 KiB): D/IRAM[0m
[0;32mI (305) heap_init: At 3FFE4350 len 0001BCB0 (111 KiB): D/IRAM[0m
[0;32mI (311) heap_init: At 4008E45C len 00011BA4 (70 KiB): IRAM[0m
[0;32mI (319) spi_flash: detected chip: generic[0m
[0;32mI (322) spi_flash: flash io: dio[0m
[0;33mW (326) i2c: This driver is an old driver, please migrate your application code to adapt `driver/i2c_master.h`[0m
[0;32mI (338) main_task: Started on CPU0[0m
[0;32mI (348) main_task: Calling app_main()[0m
[0;32mI (348) prot: u8g2_InitDisplay[0m
[0;32mI (348) u8g2_hal: sda_io_num 21[0m
[0;32mI (348) u8g2_hal: scl_io_num 22[0m
[0;32mI (348) u8g2_hal: clk_speed 50000[0m
[0;32mI (358) u8g2_hal: i2c_param_config 1[0m
[0;32mI (358) u8g2_hal: i2c_driver_install 1[0m
[0;32mI (678) prot: u8g2_SetPowerSave[0m
[0;32mI (678) prot: u8g2_ClearBuffer[0m
[0;32mI (918) prot: All done![0m

assert failed: timer_ll_set_clock_prescale /IDF/components/hal/esp32/include/hal/timer_ll.h:135 (divider >= 2 && divider <= 65536)


Backtrace: 0x40081986:0x3ffb5240 0x40086ba5:0x3ffb5260 0x4008ce71:0x3ffb5280 0x400eb312:0x3ffb53a0 0x400eb437:0x3ffb53d0 0x400eb6a5:0x3ffb5410 0x400d6729:0x3ffb5450 0x400d686d:0x3ffb5490 0x400ec444:0x3ffb54c0 0x4008764d:0x3ffb54f0




ELF file SHA256: 5159577a3

Rebooting...
ets Jul 29 2019 12:21:46

rst:0xc (SW_CPU_RESET),boot:0x13 (SPI_FAST_FLASH_BOOT)
configsip: 0, SPIWP:0xee
clk_drv:0x00,q_drv:0x00,d_drv:0x00,cs0_drv:0x00,hd_drv:0x00,wp_drv:0x00
mode:DIO, clock div:2
load:0x3fff0030,len:7176
load:0x40078000,len:15564
ho 0 tail 12 room 4
load:0x40080400,len:4
load:0x40080404,len:3904
entry 0x40080640
[0;32mI (31) boot: ESP-IDF v5.3.1 2nd stage bootloader[0m
[0;32mI (31) boot: compile time Dec  4 2024 19:05:47[0m
[0;32mI (31) boot: Multicore bootloader[0m
[0;32mI (35) boot: chip revision: v3.1[0m
[0;32mI (39) boot.esp32: SPI Speed      : 40MHz[0m
[0;32mI (44) boot.esp32: SPI Mode       : DIO[0m
[0;32mI (48) boot.esp32: SPI Flash Size : 4MB[0m
[0;32mI (53) boot: Enabling RNG early entropy source...[0m
[0;32mI (58) boot: Partition Table:[0m
[0;32mI (62) boot: ## Label            Usage          Type ST Offset   Length[0m
[0;32mI (69) boot:  0 nvs              WiFi data        01 02 00009000 00006000[0m
[0;32mI (77) boot:  1 phy_init         RF data          01 01 0000f000 00001000[0m
[0;32mI (84) boot:  2 factory          factory app      00 00 00010000 00100000[0m
[0;32mI (92) boot: End of partition table[0m
[0;32mI (96) esp_image: segment 0: paddr=00010020 vaddr=3f400020 size=0cbb8h ( 52152) map[0m
[0;32mI (122) esp_image: segment 1: paddr=0001cbe0 vaddr=3ff80000 size=00004h (     4) load[0m
[0;32mI (122) esp_image: segment 2: paddr=0001cbec vaddr=3ffb0000 size=023c4h (  9156) load[0m
[0;32mI (131) esp_image: segment 3: paddr=0001efb8 vaddr=40080000 size=01060h (  4192) load[0m
[0;32mI (138) esp_image: segment 4: paddr=00020020 vaddr=400d0020 size=1cef0h (118512) map[0m
[0;32mI (185) esp_image: segment 5: paddr=0003cf18 vaddr=40081060 size=0d3fch ( 54268) load[0m
[0;32mI (214) boot: Loaded app from partition at offset 0x10000[0m
[0;32mI (214) boot: Disabling RNG early entropy source...[0m
[0;32mI (226) cpu_start: Multicore app[0m
[0;32mI (234) cpu_start: Pro cpu start user code[0m
[0;32mI (235) cpu_start: cpu freq: 160000000 Hz[0m
[0;32mI (235) app_init: Application information:[0m
[0;32mI (237) app_init: Project name:     web-hearth-rate[0m
[0;32mI (243) app_init: App version:      4b19fef-dirty[0m
[0;32mI (248) app_init: Compile time:     Dec  4 2024 19:05:38[0m
[0;32mI (254) app_init: ELF file SHA256:  5159577a3...[0m
[0;32mI (260) app_init: ESP-IDF:          v5.3.1[0m
[0;32mI (264) efuse_init: Min chip rev:     v0.0[0m
[0;32mI (269) efuse_init: Max chip rev:     v3.99 [0m
[0;32mI (274) efuse_init: Chip rev:         v3.1[0m
[0;32mI (279) heap_init: Initializing. RAM available for dynamic allocation:[0m
[0;32mI (286) heap_init: At 3FFAE6E0 len 00001920 (6 KiB): DRAM[0m
[0;32mI (292) heap_init: At 3FFB31C8 len 0002CE38 (179 KiB): DRAM[0m
[0;32mI (299) heap_init: At 3FFE0440 len 00003AE0 (14 KiB): D/IRAM[0m
[0;32mI (305) heap_init: At 3FFE4350 len 0001BCB0 (111 KiB): D/IRAM[0m
[0;32mI (311) heap_init: At 4008E45C len 00011BA4 (70 KiB): IRAM[0m
[0;32mI (319) spi_flash: detected chip: generic[0m
[0;32mI (322) spi_flash: flash io: dio[0m
[0;33mW (326) i2c: This driver is an old driver, please migrate your application code to adapt `driver/i2c_master.h`[0m
[0;32mI (338) main_task: Started on CPU0[0m
[0;32mI (348) main_task: Calling app_main()[0m
[0;32mI (348) prot: u8g2_InitDisplay[0m
[0;32mI (348) u8g2_hal: sda_io_num 21[0m
[0;32mI (348) u8g2_hal: scl_io_num 22[0m
[0;32mI (348) u8g2_hal: clk_speed 50000[0m
[0;32mI (358) u8g2_hal: i2c_param_config 1[0m
[0;32mI (358) u8g2_hal: i2c_driver_install 1[0m
[0;32mI (678) prot: u8g2_SetPowerSave[0m
[0;32mI (678) prot: u8g2_ClearBuffer[0m
[0;32mI (918) prot: All done![0m

assert failed: timer_ll_set_clock_prescale /IDF/components/hal/esp32/include/hal/timer_ll.h:135 (divider >= 2 && divider <= 65536)


Backtrace: 0x40081986:0x3ffb5240 0x40086ba5:0x3ffb5260 0x4008ce71:0x3ffb5280 0x400eb312:0x3ffb53a0 0x400eb437:0x3ffb53d0 0x400eb6a5:0x3ffb5410 0x400d6729:0x3ffb5450 0x400d686d:0x3ffb5490 0x400ec444:0x3ffb54c0 0x4008764d:0x3ffb54f0




ELF file SHA256: 5159577a3

Rebooting...
ets Jul 29 2019 12:21:46

rst:0xc (SW_CPU_RESET),boot:0x13 (SPI_FAST_FLASH_BOOT)
configsip: 0, SPIWP:0xee
clk_drv:0x00,q_drv:0x00,d_drv:0x00,cs0_drv:0x00,hd_drv:0x00,wp_drv:0x00
mode:DIO, clock div:2
load:0x3fff0030,len:7176
load:0x40078000,len:15564
ho 0 tail 12 room 4
load:0x40080400,len:4
load:0x40080404,len:3904
entry 0x40080640
[0;32mI (31) boot: ESP-IDF v5.3.1 2nd stage bootloader[0m
[0;32mI (31) boot: compile time Dec  4 2024 19:05:47[0m
[0;32mI (31) boot: Multicore bootloader[0m
[0;32mI (35) boot: chip revision: v3.1[0m
[0;32mI (39) boot.esp32: SPI Speed      : 40MHz[0m
[0;32mI (44) boot.esp32: SPI Mode       : DIO[0m
[0;32mI (48) boot.esp32: SPI Flash Size : 4MB[0m
[0;32mI (53) boot: Enabling RNG early entropy source...[0m
[0;32mI (58) boot: Partition Table:[0m
[0;32mI (62) boot: ## Label            Usage          Type ST Offset   Length[0m
[0;32mI (69) boot:  0 nvs              WiFi data        01 02 00009000 00006000[0m
[0;32mI (77) boot:  1 phy_init         RF data          01 01 0000f000 00001000[0m
[0;32mI (84) boot:  2 factory          factory app      00 00 00010000 00100000[0m
[0;32mI (92) boot: End of partition table[0m
[0;32mI (96) esp_image: segment 0: paddr=00010020 vaddr=3f400020 size=0cbb8h ( 52152) map[0m
[0;32mI (122) esp_image: segment 1: paddr=0001cbe0 vaddr=3ff80000 size=00004h (     4) load[0m
[0;32mI (122) esp_image: segment 2: paddr=0001cbec vaddr=3ffb0000 size=023c4h (  9156) load[0m
[0;32mI (131) esp_image: segment 3: paddr=0001efb8 vaddr=40080000 size=01060h (  4192) load[0m
[0;32mI (138) esp_image: segment 4: paddr=00020020 vaddr=400d0020 size=1cef0h (118512) map[0m
[0;32mI (185) esp_image: segment 5: paddr=0003cf18 vaddr=40081060 size=0d3fch ( 54268) load[0m
[0;32mI (214) boot: Loaded app from partition at offset 0x10000[0m
[0;32mI (214) boot: Disabling RNG early entropy source...[0m
[0;32mI (226) cpu_start: Multicore app[0m
[0;32mI (234) cpu_start: Pro cpu start user code[0m
[0;32mI (235) cpu_start: cpu freq: 160000000 Hz[0m
[0;32mI (235) app_init: Application information:[0m
[0;32mI (237) app_init: Project name:     web-hearth-rate[0m
[0;32mI (243) app_init: App version:      4b19fef-dirty[0m
[0;32mI (248) app_init: Compile time:     Dec  4 2024 19:05:38[0m
[0;32mI (254) app_init: ELF file SHA256:  5159577a3...[0m
[0;32mI (260) app_init: ESP-IDF:          v5.3.1[0m
[0;32mI (264) efuse_init: Min chip rev:     v0.0[0m
[0;32mI (269) efuse_init: Max chip rev:     v3.99 [0m
[0;32mI (274) efuse_init: Chip rev:         v3.1[0m
[0;32mI (279) heap_init: Initializing. RAM available for dynamic allocation:[0m
[0;32mI (286) heap_init: At 3FFAE6E0 len 00001920 (6 KiB): DRAM[0m
[0;32mI (292) heap_init: At 3FFB31C8 len 0002CE38 (179 KiB): DRAM[0m
[0;32mI (298) heap_init: At 3FFE0440 len 00003AE0 (14 KiB): D/IRAM[0m
[0;32mI (305) heap_init: At 3FFE4350 len 0001BCB0 (111 KiB): D/IRAM[0m
[0;32mI (311) heap_init: At 4008E45C len 00011BA4 (70 KiB): IRAM[0m
[0;32mI (319) spi_flash: detected chip: generic[0m
[0;32mI (322) spi_flash: flash io: dio[0m
[0;33mW (326) i2c: This driver is an old driver, please migrate your application code to adapt `driver/i2c_master.h`[0m
[0;32mI (338) main_task: Started on CPU0[0m
[0;32mI (348) main_task: Calling app_main()[0m
[0;32mI (348) prot: u8g2_InitDisplay[0m
[0;32mI (348) u8g2_hal: sda_io_num 21[0m
[0;32mI (348) u8g2_hal: scl_io_num 22[0m
[0;32mI (348) u8g2_hal: clk_speed 50000[0m
[0;32mI (358) u8g2_hal: i2c_param_config 1[0m
[0;32mI (358) u8g2_hal: i2c_driver_install 1[0m
[0;32mI (678) prot: u8g2_SetPowerSave[0m
[0;32mI (678) prot: u8g2_ClearBuffer[0m
[0;32mI (918) prot: All done![0m

assert failed: timer_ll_set_clock_prescale /IDF/components/hal/esp32/include/hal/timer_ll.h:135 (divider >= 2 && divider <= 65536)


Backtrace: 0x40081986:0x3ffb5240 0x40086ba5:0x3ffb5260 0x4008ce71:0x3ffb5280 0x400eb312:0x3ffb53a0 0x400eb437:0x3ffb53d0 0x400eb6a5:0x3ffb5410 0x400d6729:0x3ffb5450 0x400d686d:0x3ffb5490 0x400ec444:0x3ffb54c0 0x4008764d:0x3ffb54f0




ELF file SHA256: 5159577a3

Rebooting...
ets Jul 29 2019 12:21:46

rst:0xc (SW_CPU_RESET),boot:0x13 (SPI_FAST_FLASH_BOOT)
configsip: 0, SPIWP:0xee
clk_drv:0x00,q_drv:0x00,d_drv:0x00,cs0_drv:0x00,hd_drv:0x00,wp_drv:0x00
mode:DIO, clock div:2
load:0x3fff0030,len:7176
load:0x40078000,len:15564
ho 0 tail 12 room 4
load:0x40080400,len:4
load:0x40080404,len:3904
entry 0x40080640
[0;32mI (31) boot: ESP-IDF v5.3.1 2nd stage bootloader[0m
[0;32mI (31) boot: compile time Dec  4 2024 19:05:47[0m
[0;32mI (31) boot: Multicore bootloader[0m
[0;32mI (35) boot: chip revision: v3.1[0m
[0;32mI (39) boot.esp32: SPI Speed      : 40MHz[0m
[0;32mI (44) boot.esp32: SPI Mode       : DIO[0m
[0;32mI (48) boot.esp32: SPI Flash Size : 4MB[0m
[0;32mI (53) boot: Enabling RNG early entropy source...[0m
[0;32mI (58) boot: Partition Table:[0m
[0;32mI (62) boot: ## Label            Usage          Type ST Offset   Length[0m
[0;32mI (69) boot:  0 nvs              WiFi data        01 02 00009000 00006000[0m
[0;32mI (77) boot:  1 phy_init         RF data          01 01 0000f000 00001000[0m
[0;32mI (84) boot:  2 factory          factory app      00 00 00010000 00100000[0m
[0;32mI (92) boot: End of partition table[0m
[0;32mI (96) esp_image: segment 0: paddr=00010020 vaddr=3f400020 size=0cbb8h ( 52152) map[0m
[0;32mI (122) esp_image: segment 1: paddr=0001cbe0 vaddr=3ff80000 size=00004h (     4) load[0m
[0;32mI (122) esp_image: segment 2: paddr=0001cbec vaddr=3ffb0000 size=023c4h (  9156) load[0m
[0;32mI (131) esp_image: segment 3: paddr=0001efb8 vaddr=40080000 size=01060h (  4192) load[0m
[0;32mI (138) esp_image: segment 4: paddr=00020020 vaddr=400d0020 size=1cef0h (118512) map[0m
[0;32mI (185) esp_image: segment 5: paddr=0003cf18 vaddr=40081060 size=0d3fch ( 54268) load[0m
[0;32mI (214) boot: Loaded app from partition at offset 0x10000[0m
[0;32mI (214) boot: Disabling RNG early entropy source...[0m
[0;32mI (226) cpu_start: Multicore app[0m
[0;32mI (234) cpu_start: Pro cpu start user code[0m
[0;32mI (235) cpu_start: cpu freq: 160000000 Hz[0m
[0;32mI (235) app_init: Application information:[0m
[0;32mI (237) app_init: Project name:     web-hearth-rate[0m
[0;32mI (243) app_init: App version:      4b19fef-dirty[0m
[0;32mI (248) app_init: Compile time:     Dec  4 2024 19:05:38[0m
[0;32mI (254) app_init: ELF file SHA256:  5159577a3...[0m
[0;32mI (260) app_init: ESP-IDF:          v5.3.1[0m
[0;32mI (264) efuse_init: Min chip rev:     v0.0[0m
[0;32mI (269) efuse_init: Max chip rev:     v3.99 [0m
[0;32mI (274) efuse_init: Chip rev:         v3.1[0m
[0;32mI (279) heap_init: Initializing. RAM available for dynamic allocation:[0m
[0;32mI (286) heap_init: At 3FFAE6E0 len 00001920 (6 KiB): DRAM[0m
[0;32mI (292) heap_init: At 3FFB31C8 len 0002CE38 (179 KiB): DRAM[0m
[0;32mI (299) heap_init: At 3FFE0440 len 00003AE0 (14 KiB): D/IRAM[0m
[0;32mI (305) heap_init: At 3FFE4350 len 0001BCB0 (111 KiB): D/IRAM[0m
[0;32mI (311) heap_init: At 4008E45C len 00011BA4 (70 KiB): IRAM[0m
[0;32mI (319) spi_flash: detected chip: generic[0m
[0;32mI (322) spi_flash: flash io: dio[0m
[0;33mW (326) i2c: This driver is an old driver, please migrate your application code to adapt `driver/i2c_master.h`[0m
[0;32mI (338) main_task: Started on CPU0[0m
[0;32mI (348) main_task: Calling app_main()[0m
[0;32mI (348) prot: u8g2_InitDisplay[0m
[0;32mI (348) u8g2_hal: sda_io_num 21[0m
[0;32mI (348) u8g2_hal: scl_io_num 22[0m
[0;32mI (348) u8g2_hal: clk_speed 50000[0m
[0;32mI (358) u8g2_hal: i2c_param_config 1[0m
[0;32mI (358) u8g2_hal: i2c_driver_install 1[0m
[0;32mI (678) prot: u8g2_SetPowerSave[0m
[0;32mI (678) prot: u8g2_ClearBuffer[0m
[0;32mI (918) prot: All done![0m

assert failed: timer_ll_set_clock_prescale /IDF/components/hal/esp32/include/hal/timer_ll.h:135 (divider >= 2 && divider <= 65536)


Backtrace: 0x40081986:0x3ffb5240 0x40086ba5:0x3ffb5260 0x4008ce71:0x3ffb5280 0x400eb312:0x3ffb53a0 0x400eb437:0x3ffb53d0 0x400eb6a5:0x3ffb5410 0x400d6729:0x3ffb5450 0x400d686d:0x3ffb5490 0x400ec444:0x3ffb54c0 0x4008764d:0x3ffb54f0




ELF file SHA256: 5159577a3

Rebooting...
ets Jul 29 2019 12:21:46

rst:0xc (SW_CPU_RESET),boot:0x13 (SPI_FAST_FLASH_BOOT)
configsip: 0, SPIWP:0xee
clk_drv:0x00,q_drv:0x00,d_drv:0x00,cs0_drv:0x00,hd_drv:0x00,wp_drv:0x00
mode:DIO, clock div:2
load:0x3fff0030,len:7176
load:0x40078000,len:15564
ho 0 tail 12 room 4
load:0x40080400,len:4
load:0x40080404,len:3904
entry 0x40080640
[0;32mI (31) boot: ESP-IDF v5.3.1 2nd stage bootloader[0m
[0;32mI (31) boot: compile time Dec  4 2024 19:05:47[0m
[0;32mI (31) boot: Multicore bootloader[0m
[0;32mI (35) boot: chip revision: v3.1[0m
[0;32mI (39) boot.esp32: SPI Speed      : 40MHz[0m
[0;32mI (44) boot.esp32: SPI Mode       : DIO[0m
[0;32mI (48) boot.esp32: SPI Flash Size : 4MB[0m
[0;32mI (53) boot: Enabling RNG early entropy source...[0m
[0;32mI (58) boot: Partition Table:[0m
[0;32mI (62) boot: ## Label            Usage          Type ST Offset   Length[0m
[0;32mI (69) boot:  0 nvs              WiFi data        01 02 00009000 00006000[0m
[0;32mI (77) boot:  1 phy_init         RF data          01 01 0000f000 00001000[0m
[0;32mI (84) boot:  2 factory          factory app      00 00 00010000 00100000[0m
[0;32mI (92) boot: End of partition table[0m
[0;32mI (96) esp_image: segment 0: paddr=00010020 vaddr=3f400020 size=0cbb8h ( 52152) map[0m
[0;32mI (122) esp_image: segment 1: paddr=0001cbe0 vaddr=3ff80000 size=00004h (     4) load[0m
[0;32mI (122) esp_image: segment 2: paddr=0001cbec vaddr=3ffb0000 size=023c4h (  9156) load[0m
[0;32mI (131) esp_image: segment 3: paddr=0001efb8 vaddr=40080000 size=01060h (  4192) load[0m
[0;32mI (138) esp_image: segment 4: paddr=00020020 vaddr=400d0020 size=1cef0h (118512) map[0m
[0;32mI (185) esp_image: segment 5: paddr=0003cf18 vaddr=40081060 size=0d3fch ( 54268) load[0m
[0;32mI (214) boot: Loaded app from partition at offset 0x10000[0m
[0;32mI (214) boot: Disabling RNG early entropy source...[0m
[0;32mI (226) cpu_start: Multicore app[0m
[0;32mI (234) cpu_start: Pro cpu start user code[0m
[0;32mI (235) cpu_start: cpu freq: 160000000 Hz[0m
[0;32mI (235) app_init: Application information:[0m
[0;32mI (237) app_init: Project name:     web-hearth-rate[0m
[0;32mI (243) app_init: App version:      4b19fef-dirty[0m
[0;32mI (248) app_init: Compile time:     Dec  4 2024 19:05:38[0m
[0;32mI (254) app_init: ELF file SHA256:  5159577a3...[0m
[0;32mI (260) app_init: ESP-IDF:          v5.3.1[0m
[0;32mI (264) efuse_init: Min chip rev:     v0.0[0m
[0;32mI (269) efuse_init: Max chip rev:     v3.99 [0m
[0;32mI (274) efuse_init: Chip rev:         v3.1[0m
[0;32mI (279) heap_init: Initializing. RAM available for dynamic allocation:[0m
[0;32mI (286) heap_init: At 3FFAE6E0 len 00001920 (6 KiB): DRAM[0m
[0;32mI (292) heap_init: At 3FFB31C8 len 0002CE38 (179 KiB): DRAM[0m
[0;32mI (298) heap_init: At 3FFE0440 len 00003AE0 (14 KiB): D/IRAM[0m
[0;32mI (305) heap_init: At 3FFE4350 len 0001BCB0 (111 KiB): D/IRAM[0m
[0;32mI (311) heap_init: At 4008E45C len 00011BA4 (70 KiB): IRAM[0m
[0;32mI (319) spi_flash: detected chip: generic[0m
[0;32mI (322) spi_flash: flash io: dio[0m
[0;33mW (326) i2c: This driver is an old driver, please migrate your application code to adapt `driver/i2c_master.h`[0m
[0;32mI (338) main_task: Started on CPU0[0m
[0;32mI (348) main_task: Calling app_main()[0m
[0;32mI (348) prot: u8g2_InitDisplay[0m
[0;32mI (348) u8g2_hal: sda_io_num 21[0m
[0;32mI (348) u8g2_hal: scl_io_num 22[0m
[0;32mI (348) u8g2_hal: clk_speed 50000[0m
[0;32mI (358) u8g2_hal: i2c_param_config 1[0m
[0;32mI (358) u8g2_hal: i2c_driver_install 1[0m
[0;32mI (678) prot: u8g2_SetPowerSave[0m
[0;32mI (678) prot: u8g2_ClearBuffer[0m
[0;32mI (918) prot: All done![0m

assert failed: timer_ll_set_clock_prescale /IDF/components/hal/esp32/include/hal/timer_ll.h:135 (divider >= 2 && divider <= 65536)


Backtrace: 0x40081986:0x3ffb5240 0x40086ba5:0x3ffb5260 0x4008ce71:0x3ffb5280 0x400eb312:0x3ffb53a0 0x400eb437:0x3ffb53d0 0x400eb6a5:0x3ffb5410 0x400d6729:0x3ffb5450 0x400d686d:0x3ffb5490 0x400ec444:0x3ffb54c0 0x4008764d:0x3ffb54f0




ELF file SHA256: 5159577a3

Rebooting...
ets Jul 29 2019 12:21:46

rst:0xc (SW_CPU_RESET),boot:0x13 (SPI_FAST_FLASH_BOOT)
configsip: 0, SPIWP:0xee
clk_drv:0x00,q_drv:0x00,d_drv:0x00,cs0_drv:0x00,hd_drv:0x00,wp_drv:0x00
mode:DIO, clock div:2
load:0x3fff0030,len:7176
load:0x40078000,len:15564
ho 0 tail 12 room 4
load:0x40080400,len:4
load:0x40080404,len:3904
entry 0x40080640
[0;32mI (31) boot: ESP-IDF v5.3.1 2nd stage bootloader[0m
[0;32mI (31) boot: compile time Dec  4 2024 19:05:47[0m
[0;32mI (31) boot: Multicore bootloader[0m
[0;32mI (35) boot: chip revision: v3.1[0m
[0;32mI (39) boot.esp32: SPI Speed      : 40MHz[0m
[0;32mI (44) boot.esp32: SPI Mode       : DIO[0m
[0;32mI (48) boot.esp32: SPI Flash Size : 4MB[0m
[0;32mI (53) boot: Enabling RNG early entropy source...[0m
[0;32mI (58) boot: Partition Table:[0m
[0;32mI (62) boot: ## Label            Usage          Type ST Offset   Length[0m
[0;32mI (69) boot:  0 nvs              WiFi data        01 02 00009000 00006000[0m
[0;32mI (77) boot:  1 phy_init         RF data          01 01 0000f000 00001000[0m
[0;32mI (84) boot:  2 factory          factory app      00 00 00010000 00100000[0m
[0;32mI (92) boot: End of partition table[0m
[0;32mI (96) esp_image: segment 0: paddr=00010020 vaddr=3f400020 size=0cbb8h ( 52152) map[0m
[0;32mI (122) esp_image: segment 1: paddr=0001cbe0 vaddr=3ff80000 size=00004h (     4) load[0m
[0;32mI (122) esp_image: segment 2: paddr=0001cbec vaddr=3ffb0000 size=023c4h (  9156) load[0m
[0;32mI (131) esp_image: segment 3: paddr=0001efb8 vaddr=40080000 size=01060h (  4192) load[0m
[0;32mI (138) esp_image: segment 4: paddr=00020020 vaddr=400d0020 size=1cef0h (118512) map[0m
[0;32mI (185) esp_image: segment 5: paddr=0003cf18 vaddr=40081060 size=0d3fch ( 54268) load[0m
[0;32mI (214) boot: Loaded app from partition at offset 0x10000[0m
[0;32mI (214) boot: Disabling RNG early entropy source...[0m
[0;32mI (226) cpu_start: Multicore app[0m
[0;32mI (234) cpu_start: Pro cpu start user code[0m
[0;32mI (235) cpu_start: cpu freq: 160000000 Hz[0m
[0;32mI (235) app_init: Application information:[0m
[0;32mI (237) app_init: Project name:     web-hearth-rate[0m
[0;32mI (243) app_init: App version:      4b19fef-dirty[0m
[0;32mI (248) app_init: Compile time:     Dec  4 2024 19:05:38[0m
[0;32mI (254) app_init: ELF file SHA256:  5159577a3...[0m
[0;32mI (260) app_init: ESP-IDF:          v5.3.1[0m
[0;32mI (264) efuse_init: Min chip rev:     v0.0[0m
[0;32mI (269) efuse_init: Max chip rev:     v3.99 [0m
[0;32mI (274) efuse_init: Chip rev:         v3.1[0m
[0;32mI (279) heap_init: Initializing. RAM available for dynamic allocation:[0m
[0;32mI (286) heap_init: At 3FFAE6E0 len 00001920 (6 KiB): DRAM[0m
[0;32mI (292) heap_init: At 3FFB31C8 len 0002CE38 (179 KiB): DRAM[0m
[0;32mI (299) heap_init: At 3FFE0440 len 00003AE0 (14 KiB): D/IRAM[0m
[0;32mI (305) heap_init: At 3FFE4350 len 0001BCB0 (111 KiB): D/IRAM[0m
[0;32mI (311) heap_init: At 4008E45C len 00011BA4 (70 KiB): IRAM[0m
[0;32mI (319) spi_flash: detected chip: generic[0m
[0;32mI (322) spi_flash: flash io: dio[0m
[0;33mW (326) i2c: This driver is an old driver, please migrate your application code to adapt `driver/i2c_master.h`[0m
[0;32mI (338) main_task: Started on CPU0[0m
[0;32mI (348) main_task: Calling app_main()[0m
[0;32mI (348) prot: u8g2_InitDisplay[0m
[0;32mI (348) u8g2_hal: sda_io_num 21[0m
[0;32mI (348) u8g2_hal: scl_io_num 22[0m
[0;32mI (348) u8g2_hal: clk_speed 50000[0m
[0;32mI (358) u8g2_hal: i2c_param_config 1[0m
[0;32mI (358) u8g2_hal: i2c_driver_install 1[0m
[0;32mI (678) prot: u8g2_SetPowerSave[0m
[0;32mI (678) prot: u8g2_ClearBuffer[0m
[0;32mI (918) prot: All done![0m

assert failed: timer_ll_set_clock_prescale /IDF/components/hal/esp32/include/hal/timer_ll.h:135 (divider >= 2 && divider <= 65536)


Backtrace: 0x40081986:0x3ffb5240 0x40086ba5:0x3ffb5260 0x4008ce71:0x3ffb5280 0x400eb312:0x3ffb53a0 0x400eb437:0x3ffb53d0 0x400eb6a5:0x3ffb5410 0x400d6729:0x3ffb5450 0x400d686d:0x3ffb5490 0x400ec444:0x3ffb54c0 0x4008764d:0x3ffb54f0




ELF file SHA256: 5159577a3

Rebooting...
ets Jul 29 2019 12:21:46

rst:0xc (SW_CPU_RESET),boot:0x13 (SPI_FAST_FLASH_BOOT)
configsip: 0, SPIWP:0xee
clk_drv:0x00,q_drv:0x00,d_drv:0x00,cs0_drv:0x00,hd_drv:0x00,wp_drv:0x00
mode:DIO, clock div:2
load:0x3fff0030,len:7176
load:0x40078000,len:15564
ho 0 tail 12 room 4
load:0x40080400,len:4
load:0x40080404,len:3904
entry 0x40080640
[0;32mI (31) boot: ESP-IDF v5.3.1 2nd stage bootloader[0m
[0;32mI (31) boot: compile time Dec  4 2024 19:05:47[0m
[0;32mI (31) boot: Multicore bootloader[0m
[0;32mI (35) boot: chip revision: v3.1[0m
[0;32mI (39) boot.esp32: SPI Speed      : 40MHz[0m
[0;32mI (44) boot.esp32: SPI Mode       : DIO[0m
[0;32mI (48) boot.esp32: SPI Flash Size : 4MB[0m
[0;32mI (53) boot: Enabling RNG early entropy source...[0m
[0;32mI (58) boot: Partition Table:[0m
[0;32mI (62) boot: ## Label            Usage          Type ST Offset   Length[0m
[0;32mI (69) boot:  0 nvs              WiFi data        01 02 00009000 00006000[0m
[0;32mI (77) boot:  1 phy_init         RF data          01 01 0000f000 00001000[0m
[0;32mI (84) boot:  2 factory          factory app      00 00 00010000 00100000[0m
[0;32mI (92) boot: End of partition table[0m
[0;32mI (96) esp_image: segment 0: paddr=00010020 vaddr=3f400020 size=0cbb8h ( 52152) map[0m
[0;32mI (122) esp_image: segment 1: paddr=0001cbe0 vaddr=3ff80000 size=00004h (     4) load[0m
[0;32mI (122) esp_image: segment 2: paddr=0001cbec vaddr=3ffb0000 size=023c4h (  9156) load[0m
[0;32mI (131) esp_image: segment 3: paddr=0001efb8 vaddr=40080000 size=01060h (  4192) load[0m
[0;32mI (138) esp_image: segment 4: paddr=00020020 vaddr=400d0020 size=1cef0h (118512) map[0m
[0;32mI (185) esp_image: segment 5: paddr=0003cf18 vaddr=40081060 size=0d3fch ( 54268) load[0m
[0;32mI (214) boot: Loaded app from partition at offset 0x10000[0m
[0;32mI (214) boot: Disabling RNG early entropy source...[0m
[0;32mI (226) cpu_start: Multicore app[0m
[0;32mI (234) cpu_start: Pro cpu start user code[0m
[0;32mI (235) cpu_start: cpu freq: 160000000 Hz[0m
[0;32mI (235) app_init: Application information:[0m
[0;32mI (237) app_init: Project name:     web-hearth-rate[0m
[0;32mI (243) app_init: App version:      4b19fef-dirty[0m
[0;32mI (248) app_init: Compile time:     Dec  4 2024 19:05:38[0m
[0;32mI (254) app_init: ELF file SHA256:  5159577a3...[0m
[0;32mI (260) app_init: ESP-IDF:          v5.3.1[0m
[0;32mI (264) efuse_init: Min chip rev:     v0.0[0m
[0;32mI (269) efuse_init: Max chip rev:     v3.99 [0m
[0;32mI (274) efuse_init: Chip rev:         v3.1[0m
[0;32mI (279) heap_init: Initializing. RAM available for dynamic allocation:[0m
[0;32mI (286) heap_init: At 3FFAE6E0 len 00001920 (6 KiB): DRAM[0m
[0;32mI (292) heap_init: At 3FFB31C8 len 0002CE38 (179 KiB): DRAM[0m
[0;32mI (299) heap_init: At 3FFE0440 len 00003AE0 (14 KiB): D/IRAM[0m
[0;32mI (305) heap_init: At 3FFE4350 len 0001BCB0 (111 KiB): D/IRAM[0m
[0;32mI (311) heap_init: At 4008E45C len 00011BA4 (70 KiB): IRAM[0m
[0;32mI (319) spi_flash: detected chip: generic[0m
[0;32mI (322) spi_flash: flash io: dio[0m
[0;33mW (326) i2c: This driver is an old driver, please migrate your application code to adapt `driver/i2c_master.h`[0m
[0;32mI (338) main_task: Started on CPU0[0m
[0;32mI (348) main_task: Calling app_main()[0m
[0;32mI (348) prot: u8g2_InitDisplay[0m
[0;32mI (348) u8g2_hal: sda_io_num 21[0m
[0;32mI (348) u8g2_hal: scl_io_num 22[0m
[0;32mI (348) u8g2_hal: clk_speed 50000[0m
[0;32mI (358) u8g2_hal: i2c_param_config 1[0m
[0;32mI (358) u8g2_hal: i2c_driver_install 1[0m
[0;32mI (678) prot: u8g2_SetPowerSave[0m
[0;32mI (678) prot: u8g2_ClearBuffer[0m
[0;32mI (918) prot: All done![0m

assert failed: timer_ll_set_clock_prescale /IDF/components/hal/esp32/include/hal/timer_ll.h:135 (divider >= 2 && divider <= 65536)


Backtrace: 0x40081986:0x3ffb5240 0x40086ba5:0x3ffb5260 0x4008ce71:0x3ffb5280 0x400eb312:0x3ffb53a0 0x400eb437:0x3ffb53d0 0x400eb6a5:0x3ffb5410 0x400d6729:0x3ffb5450 0x400d686d:0x3ffb5490 0x400ec444:0x3ffb54c0 0x4008764d:0x3ffb54f0




ELF file SHA256: 5159577a3

Rebooting...
ets Jul 29 2019 12:21:46

rst:0xc (SW_CPU_RESET),boot:0x13 (SPI_FAST_FLASH_BOOT)
configsip: 0, SPIWP:0xee
clk_drv:0x00,q_drv:0x00,d_drv:0x00,cs0_drv:0x00,hd_drv:0x00,wp_drv:0x00
mode:DIO, clock div:2
load:0x3fff0030,len:7176
load:0x40078000,len:15564
ho 0 tail 12 room 4
load:0x40080400,len:4
load:0x40080404,len:3904
entry 0x40080640
[0;32mI (31) boot: ESP-IDF v5.3.1 2nd stage bootloader[0m
[0;32mI (31) boot: compile time Dec  4 2024 19:05:47[0m
[0;32mI (31) boot: Multicore bootloader[0m
[0;32mI (35) boot: chip revision: v3.1[0m
[0;32mI (39) boot.esp32: SPI Speed      : 40MHz[0m
[0;32mI (44) boot.esp32: SPI Mode       : DIO[0m
[0;32mI (48) boot.esp32: SPI Flash Size : 4MB[0m
[0;32mI (53) boot: Enabling RNG early entropy source...[0m
[0;32mI (58) boot: Partition Table:[0m
[0;32mI (62) boot: ## Label            Usage          Type ST Offset   Length[0m
[0;32mI (69) boot:  0 nvs              WiFi data        01 02 00009000 00006000[0m
[0;32mI (77) boot:  1 phy_init         RF data          01 01 0000f000 00001000[0m
[0;32mI (84) boot:  2 factory          factory app      00 00 00010000 00100000[0m
[0;32mI (92) boot: End of partition table[0m
[0;32mI (96) esp_image: segment 0: paddr=00010020 vaddr=3f400020 size=0cbb8h ( 52152) map[0m
[0;32mI (122) esp_image: segment 1: paddr=0001cbe0 vaddr=3ff80000 size=00004h (     4) load[0m
[0;32mI (122) esp_image: segment 2: paddr=0001cbec vaddr=3ffb0000 size=023c4h (  9156) load[0m
[0;32mI (131) esp_image: segment 3: paddr=0001efb8 vaddr=40080000 size=01060h (  4192) load[0m
[0;32mI (138) esp_image: segment 4: paddr=00020020 vaddr=400d0020 size=1cef0h (118512) map[0m
[0;32mI (185) esp_image: segment 5: paddr=0003cf18 vaddr=40081060 size=0d3fch ( 54268) load[0m
[0;32mI (214) boot: Loaded app from partition at offset 0x10000[0m
[0;32mI (214) boot: Disabling RNG early entropy source...[0m
[0;32mI (226) cpu_start: Multicore app[0m
[0;32mI (234) cpu_start: Pro cpu start user code[0m
[0;32mI (235) cpu_start: cpu freq: 160000000 Hz[0m
[0;32mI (235) app_init: Application information:[0m
[0;32mI (237) app_init: Project name:     web-hearth-rate[0m
[0;32mI (243) app_init: App version:      4b19fef-dirty[0m
[0;32mI (248) app_init: Compile time:     Dec  4 2024 19:05:38[0m
[0;32mI (254) app_init: ELF file SHA256:  5159577a3...[0m
[0;32mI (260) app_init: ESP-IDF:          v5.3.1[0m
[0;32mI (264) efuse_init: Min chip rev:     v0.0[0m
[0;32mI (269) efuse_init: Max chip rev:     v3.99 [0m
[0;32mI (274) efuse_init: Chip rev:         v3.1[0m
[0;32mI (279) heap_init: Initializing. RAM available for dynamic allocation:[0m
[0;32mI (286) heap_init: At 3FFAE6E0 len 00001920 (6 KiB): DRAM[0m
[0;32mI (292) heap_init: At 3FFB31C8 len 0002CE38 (179 KiB): DRAM[0m
[0;32mI (299) heap_init: At 3FFE0440 len 00003AE0 (14 KiB): D/IRAM[0m
[0;32mI (305) heap_init: At 3FFE4350 len 0001BCB0 (111 KiB): D/IRAM[0m
[0;32mI (311) heap_init: At 4008E45C len 00011BA4 (70 KiB): IRAM[0m
[0;32mI (319) spi_flash: detected chip: generic[0m
[0;32mI (322) spi_flash: flash io: dio[0m
[0;33mW (326) i2c: This driver is an old driver, please migrate your application code to adapt `driver/i2c_master.h`[0m
[0;32mI (338) main_task: Started on CPU0[0m
[0;32mI (348) main_task: Calling app_main()[0m
[0;32mI (348) prot: u8g2_InitDisplay[0m
[0;32mI (348) u8g2_hal: sda_io_num 21[0m
[0;32mI (348) u8g2_hal: scl_io_num 22[0m
[0;32mI (348) u8g2_hal: clk_speed 50000[0m
[0;32mI (358) u8g2_hal: i2c_param_config 1[0m
[0;32mI (358) u8g2_hal: i2c_driver_install 1[0m
[0;32mI (678) prot: u8g2_SetPowerSave[0m
[0;32mI (678) prot: u8g2_ClearBuffer[0m
[0;32mI (918) prot: All done![0m

assert failed: timer_ll_set_clock_prescale /IDF/components/hal/esp32/include/hal/timer_ll.h:135 (divider >= 2 && divider <= 65536)


Backtrace: 0x40081986:0x3ffb5240 0x40086ba5:0x3ffb5260 0x4008ce71:0x3ffb5280 0x400eb312:0x3ffb53a0 0x400eb437:0x3ffb53d0 0x400eb6a5:0x3ffb5410 0x400d6729:0x3ffb5450 0x400d686d:0x3ffb5490 0x400ec444:0x3ffb54c0 0x4008764d:0x3ffb54f0




ELF file SHA256: 5159577a3

Rebooting...
ets Jul 29 2019 12:21:46

rst:0xc (SW_CPU_RESET),boot:0x13 (SPI_FAST_FLASH_BOOT)
configsip: 0, SPIWP:0xee
clk_drv:0x00,q_drv:0x00,d_drv:0x00,cs0_drv:0x00,hd_drv:0x00,wp_drv:0x00
mode:DIO, clock div:2
load:0x3fff0030,len:7176
load:0x40078000,len:15564
ho 0 tail 12 room 4
load:0x40080400,len:4
load:0x40080404,len:3904
entry 0x40080640
[0;32mI (31) boot: ESP-IDF v5.3.1 2nd stage bootloader[0m
[0;32mI (31) boot: compile time Dec  4 2024 19:05:47[0m
[0;32mI (31) boot: Multicore bootloader[0m
[0;32mI (35) boot: chip revision: v3.1[0m
[0;32mI (39) boot.esp32: SPI Speed      : 40MHz[0m
[0;32mI (44) boot.esp32: SPI Mode       : DIO[0m
[0;32mI (48) boot.esp32: SPI Flash Size : 4MB[0m
[0;32mI (53) boot: Enabling RNG early entropy source...[0m
[0;32mI (58) boot: Partition Table:[0m
[0;32mI (62) boot: ## Label            Usage          Type ST Offset   Length[0m
[0;32mI (69) boot:  0 nvs              WiFi data        01 02 00009000 00006000[0m
[0;32mI (77) boot:  1 phy_init         RF data          01 01 0000f000 00001000[0m
[0;32mI (84) boot:  2 factory          factory app      00 00 00010000 00100000[0m
[0;32mI (92) boot: End of partition table[0m
[0;32mI (96) esp_image: segment 0: paddr=00010020 vaddr=3f400020 size=0cbb8h ( 52152) map[0m
[0;32mI (122) esp_image: segment 1: paddr=0001cbe0 vaddr=3ff80000 size=00004h (     4) load[0m
[0;32mI (122) esp_image: segment 2: paddr=0001cbec vaddr=3ffb0000 size=023c4h (  9156) load[0m
[0;32mI (131) esp_image: segment 3: paddr=0001efb8 vaddr=40080000 size=01060h (  4192) load[0m
[0;32mI (138) esp_image: segment 4: paddr=00020020 vaddr=400d0020 size=1cef0h (118512) map[0m
[0;32mI (185) esp_image: segment 5: paddr=0003cf18 vaddr=40081060 size=0d3fch ( 54268) load[0m
[0;32mI (214) boot: Loaded app from partition at offset 0x10000[0m
[0;32mI (214) boot: Disabling RNG early entropy source...[0m
[0;32mI (226) cpu_start: Multicore app[0m
[0;32mI (234) cpu_start: Pro cpu start user code[0m
[0;32mI (235) cpu_start: cpu freq: 160000000 Hz[0m
[0;32mI (235) app_init: Application information:[0m
[0;32mI (237) app_init: Project name:     web-hearth-rate[0m
[0;32mI (243) app_init: App version:      4b19fef-dirty[0m
[0;32mI (248) app_init: Compile time:     Dec  4 2024 19:05:38[0m
[0;32mI (254) app_init: ELF file SHA256:  5159577a3...[0m
[0;32mI (260) app_init: ESP-IDF:          v5.3.1[0m
[0;32mI (264) efuse_init: Min chip rev:     v0.0[0m
[0;32mI (269) efuse_init: Max chip rev:     v3.99 [0m
[0;32mI (274) efuse_init: Chip rev:         v3.1[0m
[0;32mI (279) heap_init: Initializing. RAM available for dynamic allocation:[0m
[0;32mI (286) heap_init: At 3FFAE6E0 len 00001920 (6 KiB): DRAM[0m
[0;32mI (292) heap_init: At 3FFB31C8 len 0002CE38 (179 KiB): DRAM[0m
[0;32mI (299) heap_init: At 3FFE0440 len 00003AE0 (14 KiB): D/IRAM[0m
[0;32mI (305) heap_init: At 3FFE4350 len 0001BCB0 (111 KiB): D/IRAM[0m
[0;32mI (311) heap_init: At 4008E45C len 00011BA4 (70 KiB): IRAM[0m
[0;32mI (319) spi_flash: detected chip: generic[0m
[0;32mI (322) spi_flash: flash io: dio[0m
[0;33mW (326) i2c: This driver is an old driver, please migrate your application code to adapt `driver/i2c_master.h`[0m
[0;32mI (338) main_task: Started on CPU0[0m
[0;32mI (348) main_task: Calling app_main()[0m
[0;32mI (348) prot: u8g2_InitDisplay[0m
[0;32mI (348) u8g2_hal: sda_io_num 21[0m
[0;32mI (348) u8g2_hal: scl_io_num 22[0m
[0;32mI (348) u8g2_hal: clk_speed 50000[0m
[0;32mI (358) u8g2_hal: i2c_param_config 1[0m
[0;32mI (358) u8g2_hal: i2c_driver_install 1[0m
[0;32mI (678) prot: u8g2_SetPowerSave[0m
[0;32mI (678) prot: u8g2_ClearBuffer[0m
[0;32mI (918) prot: All done![0m

assert failed: timer_ll_set_clock_prescale /IDF/components/hal/esp32/include/hal/timer_ll.h:135 (divider >= 2 && divider <= 65536)


Backtrace: 0x40081986:0x3ffb5240 0x40086ba5:0x3ffb5260 0x4008ce71:0x3ffb5280 0x400eb312:0x3ffb53a0 0x400eb437:0x3ffb53d0 0x400eb6a5:0x3ffb5410 0x400d6729:0x3ffb5450 0x400d686d:0x3ffb5490 0x400ec444:0x3ffb54c0 0x4008764d:0x3ffb54f0




ELF file SHA256: 5159577a3

Rebooting...
ets Jul 29 2019 12:21:46

rst:0xc (SW_CPU_RESET),boot:0x13 (SPI_FAST_FLASH_BOOT)
configsip: 0, SPIWP:0xee
clk_drv:0x00,q_drv:0x00,d_drv:0x00,cs0_drv:0x00,hd_drv:0x00,wp_drv:0x00
mode:DIO, clock div:2
load:0x3fff0030,len:7176
load:0x40078000,len:15564
ho 0 tail 12 room 4
load:0x40080400,len:4
load:0x40080404,len:3904
entry 0x40080640
[0;32mI (31) boot: ESP-IDF v5.3.1 2nd stage bootloader[0m
[0;32mI (31) boot: compile time Dec  4 2024 19:05:47[0m
[0;32mI (31) boot: Multicore bootloader[0m
[0;32mI (35) boot: chip revision: v3.1[0m
[0;32mI (39) boot.esp32: SPI Speed      : 40MHz[0m
[0;32mI (44) boot.esp32: SPI Mode       : DIO[0m
[0;32mI (48) boot.esp32: SPI Flash Size : 4MB[0m
[0;32mI (53) boot: Enabling RNG early entropy source...[0m
[0;32mI (58) boot: Partition Table:[0m
[0;32mI (62) boot: ## Label            Usage          Type ST Offset   Length[0m
[0;32mI (69) boot:  0 nvs              WiFi data        01 02 00009000 00006000[0m
[0;32mI (77) boot:  1 phy_init         RF data          01 01 0000f000 00001000[0m
[0;32mI (84) boot:  2 factory          factory app      00 00 00010000 00100000[0m
[0;32mI (92) boot: End of partition table[0m
[0;32mI (96) esp_image: segment 0: paddr=00010020 vaddr=3f400020 size=0cbb8h ( 52152) map[0m
[0;32mI (122) esp_image: segment 1: paddr=0001cbe0 vaddr=3ff80000 size=00004h (     4) load[0m
[0;32mI (122) esp_image: segment 2: paddr=0001cbec vaddr=3ffb0000 size=023c4h (  9156) load[0m
[0;32mI (131) esp_image: segment 3: paddr=0001efb8 vaddr=40080000 size=01060h (  4192) load[0m
[0;32mI (138) esp_image: segment 4: paddr=00020020 vaddr=400d0020 size=1cef0h (118512) map[0m
[0;32mI (185) esp_image: segment 5: paddr=0003cf18 vaddr=40081060 size=0d3fch ( 54268) load[0m
[0;32mI (214) boot: Loaded app from partition at offset 0x10000[0m
[0;32mI (214) boot: Disabling RNG early entropy source...[0m
[0;32mI (226) cpu_start: Multicore app[0m
[0;32mI (234) cpu_start: Pro cpu start user code[0m
[0;32mI (235) cpu_start: cpu freq: 160000000 Hz[0m
[0;32mI (235) app_init: Application information:[0m
[0;32mI (237) app_init: Project name:     web-hearth-rate[0m
[0;32mI (243) app_init: App version:      4b19fef-dirty[0m
[0;32mI (248) app_init: Compile time:     Dec  4 2024 19:05:38[0m
[0;32mI (254) app_init: ELF file SHA256:  5159577a3...[0m
[0;32mI (260) app_init: ESP-IDF:          v5.3.1[0m
[0;32mI (264) efuse_init: Min chip rev:     v0.0[0m
[0;32mI (269) efuse_init: Max chip rev:     v3.99 [0m
[0;32mI (274) efuse_init: Chip rev:         v3.1[0m
[0;32mI (279) heap_init: Initializing. RAM available for dynamic allocation:[0m
[0;32mI (286) heap_init: At 3FFAE6E0 len 00001920 (6 KiB): DRAM[0m
[0;32mI (292) heap_init: At 3FFB31C8 len 0002CE38 (179 KiB): DRAM[0m
[0;32mI (299) heap_init: At 3FFE0440 len 00003AE0 (14 KiB): D/IRAM[0m
[0;32mI (305) heap_init: At 3FFE4350 len 0001BCB0 (111 KiB): D/IRAM[0m
[0;32mI (311) heap_init: At 4008E45C len 00011BA4 (70 KiB): IRAM[0m
[0;32mI (319) spi_flash: detected chip: generic[0m
[0;32mI (322) spi_flash: flash io: dio[0m
[0;33mW (326) i2c: This driver is an old driver, please migrate your application code to adapt `driver/i2c_master.h`[0m
[0;32mI (338) main_task: Started on CPU0[0m
[0;32mI (348) main_task: Calling app_main()[0m
[0;32mI (348) prot: u8g2_InitDisplay[0m
[0;32mI (348) u8g2_hal: sda_io_num 21[0m
[0;32mI (348) u8g2_hal: scl_io_num 22[0m
[0;32mI (348) u8g2_hal: clk_speed 50000[0m
[0;32mI (358) u8g2_hal: i2c_param_config 1[0m
[0;32mI (358) u8g2_hal: i2c_driver_install 1[0m
[0;32mI (678) prot: u8g2_SetPowerSave[0m
[0;32mI (678) prot: u8g2_ClearBuffer[0m
[0;32mI (918) prot: All done![0m

assert failed: timer_ll_set_clock_prescale /IDF/components/hal/esp32/include/hal/timer_ll.h:135 (divider >= 2 && divider <= 65536)


Backtrace: 0x40081986:0x3ffb5240 0x40086ba5:0x3ffb5260 0x4008ce71:0x3ffb5280 0x400eb312:0x3ffb53a0 0x400eb437:0x3ffb53d0 0x400eb6a5:0x3ffb5410 0x400d6729:0x3ffb5450 0x400d686d:0x3ffb5490 0x400ec444:0x3ffb54c0 0x4008764d:0x3ffb54f0




ELF file SHA256: 5159577a3

Rebooting...
ets Jul 29 2019 12:21:46

rst:0xc (SW_CPU_RESET),boot:0x13 (SPI_FAST_FLASH_BOOT)
configsip: 0, SPIWP:0xee
clk_drv:0x00,q_drv:0x00,d_drv:0x00,cs0_drv:0x00,hd_drv:0x00,wp_drv:0x00
mode:DIO, clock div:2
load:0x3fff0030,len:7176
load:0x40078000,len:15564
ho 0 tail 12 room 4
load:0x40080400,len:4
load:0x40080404,len:3904
entry 0x40080640
[0;32mI (31) boot: ESP-IDF v5.3.1 2nd stage bootloader[0m
[0;32mI (31) boot: compile time Dec  4 2024 19:05:47[0m
[0;32mI (31) boot: Multicore bootloader[0m
[0;32mI (35) boot: chip revision: v3.1[0m
[0;32mI (39) boot.esp32: SPI Speed      : 40MHz[0m
[0;32mI (44) boot.esp32: SPI Mode       : DIO[0m
[0;32mI (48) boot.esp32: SPI Flash Size : 4MB[0m
[0;32mI (53) boot: Enabling RNG early entropy source...[0m
[0;32mI (58) boot: Partition Table:[0m
[0;32mI (62) boot: ## Label            Usage          Type ST Offset   Length[0m
[0;32mI (69) boot:  0 nvs              WiFi data        01 02 00009000 00006000[0m
[0;32mI (77) boot:  1 phy_init         RF data          01 01 0000f000 00001000[0m
[0;32mI (84) boot:  2 factory          factory app      00 00 00010000 00100000[0m
[0;32mI (92) boot: End of partition table[0m
[0;32mI (96) esp_image: segment 0: paddr=00010020 vaddr=3f400020 size=0cbb8h ( 52152) map[0m
[0;32mI (122) esp_image: segment 1: paddr=0001cbe0 vaddr=3ff80000 size=00004h (     4) load[0m
[0;32mI (122) esp_image: segment 2: paddr=0001cbec vaddr=3ffb0000 size=023c4h (  9156) load[0m
[0;32mI (131) esp_image: segment 3: paddr=0001efb8 vaddr=40080000 size=01060h (  4192) load[0m
[0;32mI (138) esp_image: segment 4: paddr=00020020 vaddr=400d0020 size=1cef0h (118512) map[0m
[0;32mI (185) esp_image: segment 5: paddr=0003cf18 vaddr=40081060 size=0d3fch ( 54268) load[0m
[0;32mI (214) boot: Loaded app from partition at offset 0x10000[0m
[0;32mI (214) boot: Disabling RNG early entropy source...[0m
[0;32mI (226) cpu_start: Multicore app[0m
[0;32mI (234) cpu_start: Pro cpu start user code[0m
[0;32mI (235) cpu_start: cpu freq: 160000000 Hz[0m
[0;32mI (235) app_init: Application information:[0m
[0;32mI (237) app_init: Project name:     web-hearth-rate[0m
[0;32mI (243) app_init: App version:      4b19fef-dirty[0m
[0;32mI (248) app_init: Compile time:     Dec  4 2024 19:05:38[0m
[0;32mI (254) app_init: ELF file SHA256:  5159577a3...[0m
[0;32mI (260) app_init: ESP-IDF:          v5.3.1[0m
[0;32mI (264) efuse_init: Min chip rev:     v0.0[0m
[0;32mI (269) efuse_init: Max chip rev:     v3.99 [0m
[0;32mI (274) efuse_init: Chip rev:         v3.1[0m
[0;32mI (279) heap_init: Initializing. RAM available for dynamic allocation:[0m
[0;32mI (286) heap_init: At 3FFAE6E0 len 00001920 (6 KiB): DRAM[0m
[0;32mI (292) heap_init: At 3FFB31C8 len 0002CE38 (179 KiB): DRAM[0m
[0;32mI (299) heap_init: At 3FFE0440 len 00003AE0 (14 KiB): D/IRAM[0m
[0;32mI (305) heap_init: At 3FFE4350 len 0001BCB0 (111 KiB): D/IRAM[0m
[0;32mI (311) heap_init: At 4008E45C len 00011BA4 (70 KiB): IRAM[0m
[0;32mI (319) spi_flash: detected chip: generic[0m
[0;32mI (322) spi_flash: flash io: dio[0m
[0;33mW (326) i2c: This driver is an old driver, please migrate your application code to adapt `driver/i2c_master.h`[0m
[0;32mI (338) main_task: Started on CPU0[0m
[0;32mI (348) main_task: Calling app_main()[0m
[0;32mI (348) prot: u8g2_InitDisplay[0m
[0;32mI (348) u8g2_hal: sda_io_num 21[0m
[0;32mI (348) u8g2_hal: scl_io_num 22[0m
[0;32mI (348) u8g2_hal: clk_speed 50000[0m
[0;32mI (358) u8g2_hal: i2c_param_config 1[0m
[0;32mI (358) u8g2_hal: i2c_driver_install 1[0m
